
> hotel-pms@1.0.0 build
> tsc && vite build

src/pages/dashboards/ManagerDashboard.tsx(326,51): error TS2339: Property 'room' does not exist on type 'HousekeepingTask'.
src/pages/dashboards/ManagerDashboard.tsx(329,78): error TS2339: Property 'type' does not exist on type 'HousekeepingTask'.
src/pages/dashboards/ManagerDashboard.tsx(331,61): error TS2322: Type '{ id: string; name: string; } | undefined' is not assignable to type 'string | number | boolean | ReactElement<any, string | JSXElementConstructor<any>> | Iterable<ReactNode> | ReactPortal | null | undefined'.
  Type '{ id: string; name: string; }' is not assignable to type 'string | number | boolean | ReactElement<any, string | JSXElementConstructor<any>> | Iterable<ReactNode> | ReactPortal | null | undefined'.
src/pages/menu/index.ts(6,37): error TS2307: Cannot find module './MenuPage' or its corresponding type declarations.
src/pages/orders/OrdersPage.tsx(78,3): error TS2353: Object literal may only specify known properties, and 'confirmed' does not exist in type 'Record<OrderStatus, { label: string; variant: "default" | "destructive" | "success" | "warning" | "secondary"; icon: ElementType<any, keyof IntrinsicElements>; }>'.
src/pages/orders/OrdersPage.tsx(91,3): error TS2353: Object literal may only specify known properties, and 'takeaway' does not exist in type 'Record<DeliveryType, { label: string; icon: ElementType<any, keyof IntrinsicElements>; }>'.
src/pages/orders/OrdersPage.tsx(147,18): error TS2339: Property 'reference' does not exist on type 'Order'.
src/pages/orders/OrdersPage.tsx(149,18): error TS2339: Property 'location' does not exist on type 'Order'.
src/pages/orders/OrdersPage.tsx(324,70): error TS2339: Property 'reference' does not exist on type 'Order'.
src/pages/orders/OrdersPage.tsx(344,34): error TS2339: Property 'location' does not exist on type 'Order'.
src/pages/orders/OrdersPage.tsx(353,103): error TS2339: Property 'reference' does not exist on type 'Order'.
src/pages/orders/OrdersPage.tsx(358,26): error TS2367: This comparison appears to be unintentional because the types 'OrderStatus' and '"confirmed"' have no overlap.
src/pages/orders/OrdersPage.tsx(359,102): error TS2339: Property 'reference' does not exist on type 'Order'.
src/pages/orders/OrdersPage.tsx(365,120): error TS2339: Property 'reference' does not exist on type 'Order'.
src/pages/orders/OrdersPage.tsx(371,104): error TS2339: Property 'reference' does not exist on type 'Order'.
src/pages/orders/OrdersPage.tsx(457,70): error TS2339: Property 'reference' does not exist on type 'Order'.
src/pages/orders/OrdersPage.tsx(476,38): error TS2339: Property 'location' does not exist on type 'Order'.
src/pages/orders/OrdersPage.tsx(482,32): error TS2339: Property 'guestPhone' does not exist on type 'Order'.
src/pages/orders/OrdersPage.tsx(483,79): error TS2339: Property 'guestPhone' does not exist on type 'Order'.
src/pages/orders/OrdersPage.tsx(490,47): error TS2339: Property 'isPaid' does not exist on type 'Order'.
src/pages/orders/OrdersPage.tsx(491,34): error TS2339: Property 'isPaid' does not exist on type 'Order'.
src/pages/orders/OrdersPage.tsx(520,60): error TS2367: This comparison appears to be unintentional because the types '"pending" | "preparing" | "ready" | "served"' and '"delivered"' have no overlap.
src/pages/orders/OrdersPage.tsx(521,115): error TS2339: Property 'reference' does not exist on type 'Order'.
src/pages/orders/OrdersPage.tsx(544,46): error TS2339: Property 'reference' does not exist on type 'Order'.
src/pages/orders/OrdersPage.tsx(565,83): error TS2339: Property 'location' does not exist on type 'Order'.
src/pages/orders/OrdersPage.tsx(577,31): error TS2339: Property 'specialInstructions' does not exist on type 'OrderItem'.
src/pages/orders/OrdersPage.tsx(579,41): error TS2339: Property 'specialInstructions' does not exist on type 'OrderItem'.
src/pages/orders/OrdersPage.tsx(595,49): error TS2339: Property 'paymentMethod' does not exist on type 'Order'.
src/pages/orders/OrdersPage.tsx(596,49): error TS2339: Property 'isPaid' does not exist on type 'Order'.
src/pages/orders/OrdersPage.tsx(597,36): error TS2339: Property 'isPaid' does not exist on type 'Order'.
src/pages/orders/OrdersPage.tsx(602,32): error TS2339: Property 'notes' does not exist on type 'Order'.
src/pages/orders/OrdersPage.tsx(605,67): error TS2339: Property 'notes' does not exist on type 'Order'.
src/pages/orders/OrdersPage.tsx(613,97): error TS2339: Property 'reference' does not exist on type 'Order'.
src/pages/orders/OrdersPage.tsx(614,119): error TS2339: Property 'reference' does not exist on type 'Order'.
src/pages/orders/OrdersPage.tsx(617,20): error TS2367: This comparison appears to be unintentional because the types 'OrderStatus' and '"confirmed"' have no overlap.
src/pages/orders/OrdersPage.tsx(618,94): error TS2339: Property 'reference' does not exist on type 'Order'.
src/pages/orders/OrdersPage.tsx(621,112): error TS2339: Property 'reference' does not exist on type 'Order'.
src/pages/orders/OrdersPage.tsx(624,96): error TS2339: Property 'reference' does not exist on type 'Order'.
src/pages/payments/PaymentsPage.tsx(63,3): error TS2614: Module '"@/data/mockData"' has no exported member 'Payment'. Did you mean to use 'import Payment from "@/data/mockData"' instead?
src/pages/payments/PaymentsPage.tsx(64,3): error TS2614: Module '"@/data/mockData"' has no exported member 'PaymentStatus'. Did you mean to use 'import PaymentStatus from "@/data/mockData"' instead?
src/pages/payments/PaymentsPage.tsx(65,3): error TS2614: Module '"@/data/mockData"' has no exported member 'PaymentMethod'. Did you mean to use 'import PaymentMethod from "@/data/mockData"' instead?
src/pages/payments/PaymentsPage.tsx(142,9): error TS2339: Property 'createdAt' does not exist on type 'Transaction'.
src/pages/payments/PaymentsPage.tsx(142,40): error TS2367: This comparison appears to be unintentional because the types '"success" | "pending" | "failed" | "refunded"' and '"completed"' have no overlap.
src/pages/payments/PaymentsPage.tsx(147,22): error TS2367: This comparison appears to be unintentional because the types '"success" | "pending" | "failed" | "refunded"' and '"completed"' have no overlap.
src/pages/payments/PaymentsPage.tsx(371,36): error TS2339: Property 'referenceNumber' does not exist on type 'Transaction'.
src/pages/payments/PaymentsPage.tsx(373,45): error TS2339: Property 'referenceNumber' does not exist on type 'Transaction'.
src/pages/payments/PaymentsPage.tsx(395,49): error TS2339: Property 'createdAt' does not exist on type 'Transaction'.
src/pages/payments/PaymentsPage.tsx(413,30): error TS2367: This comparison appears to be unintentional because the types '"success" | "pending" | "failed" | "refunded"' and '"completed"' have no overlap.
src/pages/reports/ReportsPage.tsx(66,68): error TS2551: Property 'count' does not exist on type 'GuestDemographic'. Did you mean 'country'?
src/pages/reports/ReportsPage.tsx(496,35): error TS2551: Property 'count' does not exist on type 'GuestDemographic'. Did you mean 'country'?
src/pages/reviews/ReviewsPage.tsx(107,19): error TS2339: Property 'title' does not exist on type 'Review'.
src/pages/reviews/ReviewsPage.tsx(108,19): error TS2339: Property 'content' does not exist on type 'Review'.
src/pages/reviews/ReviewsPage.tsx(118,46): error TS2339: Property 'category' does not exist on type 'Review'.
src/pages/reviews/ReviewsPage.tsx(130,54): error TS2339: Property 'isFlagged' does not exist on type 'Review'.
src/pages/reviews/ReviewsPage.tsx(329,28): error TS2339: Property 'isFlagged' does not exist on type 'Review'.
src/pages/reviews/ReviewsPage.tsx(342,35): error TS2339: Property 'isVerified' does not exist on type 'Review'.
src/pages/reviews/ReviewsPage.tsx(345,35): error TS2339: Property 'isFlagged' does not exist on type 'Review'.
src/pages/reviews/ReviewsPage.tsx(355,52): error TS2339: Property 'createdAt' does not exist on type 'Review'.
src/pages/reviews/ReviewsPage.tsx(357,45): error TS7053: Element implicitly has an 'any' type because expression of type 'any' can't be used to index type 'Record<ReviewCategory, { label: string; color: string; }>'.
src/pages/reviews/ReviewsPage.tsx(357,67): error TS2339: Property 'category' does not exist on type 'Review'.
src/pages/reviews/ReviewsPage.tsx(358,30): error TS7053: Element implicitly has an 'any' type because expression of type 'any' can't be used to index type 'Record<ReviewCategory, { label: string; color: string; }>'.
src/pages/reviews/ReviewsPage.tsx(358,52): error TS2339: Property 'category' does not exist on type 'Review'.
src/pages/reviews/ReviewsPage.tsx(383,35): error TS2339: Property 'isFlagged' does not exist on type 'Review'.
src/pages/reviews/ReviewsPage.tsx(393,60): error TS2339: Property 'title' does not exist on type 'Review'.
src/pages/reviews/ReviewsPage.tsx(395,29): error TS2339: Property 'content' does not exist on type 'Review'.
src/pages/reviews/ReviewsPage.tsx(401,61): error TS2551: Property 'responseDate' does not exist on type 'Review'. Did you mean 'response'?
src/pages/reviews/ReviewsPage.tsx(433,75): error TS2339: Property 'createdAt' does not exist on type 'Review'.
src/pages/reviews/ReviewsPage.tsx(444,37): error TS7053: Element implicitly has an 'any' type because expression of type 'any' can't be used to index type 'Record<ReviewCategory, { label: string; color: string; }>'.
src/pages/reviews/ReviewsPage.tsx(444,67): error TS2339: Property 'category' does not exist on type 'Review'.
src/pages/reviews/ReviewsPage.tsx(445,22): error TS7053: Element implicitly has an 'any' type because expression of type 'any' can't be used to index type 'Record<ReviewCategory, { label: string; color: string; }>'.
src/pages/reviews/ReviewsPage.tsx(445,52): error TS2339: Property 'category' does not exist on type 'Review'.
src/pages/reviews/ReviewsPage.tsx(447,35): error TS2339: Property 'isVerified' does not exist on type 'Review'.
src/pages/reviews/ReviewsPage.tsx(454,70): error TS2339: Property 'title' does not exist on type 'Review'.
src/pages/reviews/ReviewsPage.tsx(455,72): error TS2339: Property 'content' does not exist on type 'Review'.
src/pages/reviews/ReviewsPage.tsx(462,66): error TS2551: Property 'responseDate' does not exist on type 'Review'. Did you mean 'response'?
